T=1000, N=1000
Elapsed time: 0.092 s
Allocated: 31.82 MiB
Posterior mean (filter): -1.7920, exact: -1.7191
RESULT,WeightedSampling,T=1000,N=1000,elapsed_s=0.092459,alloc_mib=31.8172,post_mean=-1.791987,exact_mean=-1.719123
n=1000, N=1000
Elapsed time: 0.019 s
Allocated: 0.00 MiB
Posterior mean (filter): -1.6479, exact: -1.7191
Log evidence (filter): -1578.2649, exact: -1577.5287
RESULT,SequentialMonteCarlo,T=1000,N=1000,elapsed_s=0.019290,alloc_mib=0.0000,post_mean=-1.647877,exact_mean=-1.719123
[mode=bench-filter] Repeated filtering benchmark
[bench] Running repeated filter benchmark via hyperfine
[bench] NPARTICLES=1000, REPEATS=10, WARMUP=1
Benchmark 1: libbi filter --filter bootstrap --model-file LGSSM1D.bi --obs-file data/obs.nc --start-time 0 --end-time 1000 --noutputs 0 --nparticles 1000 --ess-rel 1.0 --resampler systematic --nthreads 1 --seed 43 --output-file results/filter_bootstrap.nc
  Time (mean ± σ):     357.6 ms ±   7.5 ms    [User: 223.7 ms, System: 45.0 ms]
  Range (min … max):   349.3 ms … 376.8 ms    10 runs
 

[bench] Summary (NPARTICLES=1000)
[bench] wall   mean=0.3576s stddev=0.0075s median=0.3557s min=0.3493s max=0.3768s
[bench] user   mean=0.2237s
[bench] system mean=0.0450s
RESULT,libbi,T=1000,N=1000,wall_mean_s=0.357586,wall_median_s=0.355693,user_mean_s=0.223704,sys_mean_s=0.044970

Done.
  observations: data/obs.nc
  filter output: results/filter_bootstrap.nc
  hyperfine json: /tmp/libbi_pf_hyperfine_T1000_N1000.json
T=1000, N=1000000
Elapsed time: 22.171 s
Allocated: 30578.33 MiB
Posterior mean (filter): -1.7196, exact: -1.7191
RESULT,WeightedSampling,T=1000,N=1000000,elapsed_s=22.170888,alloc_mib=30578.3328,post_mean=-1.719612,exact_mean=-1.719123
n=1000, N=1000000
Elapsed time: 18.503 s
Allocated: 0.00 MiB
Posterior mean (filter): -1.7188, exact: -1.7191
Log evidence (filter): -1577.3522, exact: -1577.5287
RESULT,SequentialMonteCarlo,T=1000,N=1000000,elapsed_s=18.502708,alloc_mib=0.0000,post_mean=-1.718802,exact_mean=-1.719123
[mode=bench-filter] Repeated filtering benchmark
[bench] Running repeated filter benchmark via hyperfine
[bench] NPARTICLES=1000000, REPEATS=10, WARMUP=1
Benchmark 1: libbi filter --filter bootstrap --model-file LGSSM1D.bi --obs-file data/obs.nc --start-time 0 --end-time 1000 --noutputs 0 --nparticles 1000000 --ess-rel 1.0 --resampler systematic --nthreads 1 --seed 43 --output-file results/filter_bootstrap.nc
  Time (mean ± σ):     37.716 s ±  0.196 s    [User: 19.552 s, System: 17.094 s]
  Range (min … max):   37.396 s … 38.068 s    10 runs
 

[bench] Summary (NPARTICLES=1000000)
[bench] wall   mean=37.7158s stddev=0.1960s median=37.6781s min=37.3963s max=38.0675s
[bench] user   mean=19.5519s
[bench] system mean=17.0944s
RESULT,libbi,T=1000,N=1000000,wall_mean_s=37.715765,wall_median_s=37.678114,user_mean_s=19.551875,sys_mean_s=17.094449

Done.
  observations: data/obs.nc
  filter output: results/filter_bootstrap.nc
  hyperfine json: /tmp/libbi_pf_hyperfine_T1000_N1000000.json
T=1000000, N=1000
Elapsed time: 19.091 s
Allocated: 31799.33 MiB
Posterior mean (filter): -1.4194, exact: -1.4382
RESULT,WeightedSampling,T=1000000,N=1000,elapsed_s=19.091090,alloc_mib=31799.3343,post_mean=-1.419371,exact_mean=-1.438186
n=1000000, N=1000
Elapsed time: 17.710 s
Allocated: 0.00 MiB
Posterior mean (filter): -1.4301, exact: -1.4382
Log evidence (filter): -1594644.5983, exact: -1592590.5675
RESULT,SequentialMonteCarlo,T=1000000,N=1000,elapsed_s=17.710313,alloc_mib=0.0000,post_mean=-1.430146,exact_mean=-1.438186
[mode=bench-filter] Repeated filtering benchmark
[bench] Running repeated filter benchmark via hyperfine
[bench] NPARTICLES=1000, REPEATS=10, WARMUP=1
Benchmark 1: libbi filter --filter bootstrap --model-file LGSSM1D.bi --obs-file data/obs.nc --start-time 0 --end-time 1000000 --noutputs 0 --nparticles 1000 --ess-rel 1.0 --resampler systematic --nthreads 1 --seed 43 --output-file results/filter_bootstrap.nc
  Time (mean ± σ):      5.399 s ±  0.046 s    [User: 5.147 s, System: 0.118 s]
  Range (min … max):    5.344 s …  5.492 s    10 runs
 

[bench] Summary (NPARTICLES=1000)
[bench] wall   mean=5.3989s stddev=0.0457s median=5.3902s min=5.3439s max=5.4915s
[bench] user   mean=5.1470s
[bench] system mean=0.1182s
RESULT,libbi,T=1000000,N=1000,wall_mean_s=5.398898,wall_median_s=5.390215,user_mean_s=5.147015,sys_mean_s=0.118248

Done.
  observations: data/obs.nc
  filter output: results/filter_bootstrap.nc
  hyperfine json: /tmp/libbi_pf_hyperfine_T1000000_N1000.json
N            WS median (us)   WS alloc (KiB) SMC median (us)  SMC alloc (KiB)
1000         17.875           32.53          18.458           0.00          
RESULT,bench_single_update,N=1000,ws_median_us=17.8750,ws_alloc_kib=32.5312,smc_median_us=18.4580,smc_alloc_kib=0.0000
10000        187.458          320.53         185.459          0.00          
RESULT,bench_single_update,N=10000,ws_median_us=187.4580,ws_alloc_kib=320.5312,smc_median_us=185.4590,smc_alloc_kib=0.0000
100000       1885.541         3136.53        1879.958         0.00          
RESULT,bench_single_update,N=100000,ws_median_us=1885.5410,ws_alloc_kib=3136.5312,smc_median_us=1879.9580,smc_alloc_kib=0.0000
[mode=bench-single-update] Marginal-cost single-step benchmark
[bench-single-update] Generating 6000-step data prefix (shared by both timed runs)...
[bench-single-update] Timing base_T=1000 (N=1000)...
[bench-single-update] Timing extended_T=6000 (N=1000)...
[bench-single-update] per-step mean: 39.4670 us (base=0.3549s, extended=0.5522s)
RESULT,bench_single_update,N=1000,libbi_median_us=39.4670
