model=naive, T=50, N=1000, batch=1
Elapsed time: 2.393 s
Allocated: 3184.67 MiB
Posterior mean (filter): -2.1739, exact: -2.1652
Log evidence (filter): -75.8621, exact: -75.9621
RESULT,GenParticleFilters-naive,T=50,N=1000,elapsed_s=2.393062,alloc_mib=3184.6660,post_mean=-2.173917,exact_mean=-2.165223
model=unfold, T=50, N=1000, batch=1
Elapsed time: 0.210 s
Allocated: 416.61 MiB
Posterior mean (filter): -2.1739, exact: -2.1652
Log evidence (filter): -75.8621, exact: -75.9621
RESULT,GenParticleFilters-unfold,T=50,N=1000,elapsed_s=0.209559,alloc_mib=416.6120,post_mean=-2.173917,exact_mean=-2.165223
model=unfold, T=1000, N=1000, batch=1
Elapsed time: 3.861 s
Allocated: 8732.23 MiB
Posterior mean (filter): -1.7296, exact: -1.7191
Log evidence (filter): -1577.7969, exact: -1577.5287
RESULT,GenParticleFilters-unfold,T=1000,N=1000,elapsed_s=3.860552,alloc_mib=8732.2287,post_mean=-1.729616,exact_mean=-1.719123
N=1000, Gen pf_update! (Unfold, ESS-gated resample + mutate + observe): median=3407.438 us, alloc=9361.88 KiB
RESULT,bench_single_update,N=1000,gen_median_us=3407.4375,gen_alloc_kib=9361.8750
